=================================================================
ENHANCED EKF QUADCOPTER AUTOPILOT - DETAILED SIMULATION LOG
Based on MATLAB Simulink Autonomous Flight Design Tutorial
=================================================================
Log Started: 05-Aug-2025 12:34:35
MATLAB Version: 23.2.0.2859533 (R2023b) Update 10
=================================================================

[12:34:35.687] INFO: Testing logging system initialization
[12:34:35.687] WARNING: This is a test warning message

--- SYSTEM STATUS ---
test_mode: 'active'
sensors: [1 1 1 1]
--------------------

[1.500] FLIGHT MODE: TEST_MODE (System test)
[2.000] SENSOR-GPS: [10 20 -5] [OK]
[2.100] SENSOR-IMU: [0.1 0.2 9.8 0.01 0.02 0.03] [OK]
[4.000] EMERGENCY: LOW_BATTERY - Battery voltage below 10.5V
[5.000] EKF: Innovation=0.114, Trace(P)=0.900, AdaptiveNoise=1.200


=================================================================
SIMULATION SUMMARY AND ANALYSIS
=================================================================

FLIGHT MODE TRANSITIONS:

EMERGENCY EVENTS:
  None recorded.

=================================================================
Log file saved: test_log.txt
Analysis complete: 05-Aug-2025 12:34:35
=================================================================
